NAME module
NAME top
SINGLE ;
NAME wire
NAME s1
SINGLE ,
NAME s2
SINGLE ,
NAME out
SINGLE ,
NAME out2
SINGLE ;
NAME adder
NAME out
SINGLE ,
NAME s1
SINGLE ,
NAME s2
SINGLE ;
NAME adder
NAME out2
SINGLE ,
NAME s1
SINGLE ,
NAME out
SINGLE ;
NAME endmodule
