NAME module
NAME top
SINGLE ;
NAME wire
NAME s0
SINGLE ,
NAME s1
SINGLE ;
NAME dff
SINGLE (
NAME s0
SINGLE ,
NAME s1
SINGLE )
SINGLE ;
NAME not
SINGLE (
NAME s1
SINGLE ,
NAME s0
SINGLE )
SINGLE ;
NAME endmodule
